<div>
    <button class="button simple-button" disabled>I'm a button</button>
    <button class="button simple-button">I'm a button</button>
</div>
