<div>
    <button class="button simple-button" data-max-clicks="10">I'm a button</button>
</div>
