<div>
    <div class="container authors my-authors">
        <div class="author author-item">
            <div>Alexandr</div>
            <div>Pushkin</div>
        </div>
        <div class="author author-item">
            <div>Steven</div>
            <div>King</div>
        </div>
    </div>
</div>
