<div>
    <button class="button simple-button" name="button-name" id="button-id" disabled="disabled">I'm a button</button>
</div>
