<div>
    <div class="container authors">
        <h1>Authors list:</h1>
        <div class="container-body">
            <div class="authors-list">
                <div class="author authors-item">
                    <div class="author-name">Dan</div>
                    <div class="author-surname">Brown</div>
                    <button class="button button-vote">Like!</button>
                </div>
                <div class="author authors-item">
                    <div class="author-name">Steven</div>
                    <div class="author-surname">King</div>
                    <button class="button button-vote">Like!</button>
                </div>
            </div>
        </div>
    </div>
</div>
