<div>
    <button class="button simple-button">This is a button too</button>
</div>
